// Jest Snapshot v1, https://goo.gl/fbAQLP

exports[`<TeamsPage /> shallow should match the snapshot 1`] = `
<Redirect
  push={true}
  to="/"
/>
`;
