// Jest Snapshot v1, https://goo.gl/fbAQLP

exports[`<MainHeader /> should match the snapshot 1`] = `
<Styled(Adapter)
  className="home-header"
>
  <Row
    className="main-header-row-full"
    gutter={0}
  >
    <Col
      span={8}
    >
      <Row
        gutter={0}
        justify="start"
        type="flex"
      >
        <Col>
          <Link
            to="/"
          >
            <img
              alt="nu-slack"
              className="main-header-logo"
              src="./images/transparent-logo.png"
            />
          </Link>
          <span
            className="header-text"
          >
              -  
          </span>
          <span
            className="header-text"
          >
            Team (
            Not Selected
            )
          </span>
        </Col>
      </Row>
    </Col>
    <Col
      span={16}
    >
      <Row
        align="middle"
        gutter={0}
        justify="end"
        type="flex"
      >
        <styled.div>
          <Link
            to="/profile"
          >
            <Avatar
              className="user-avatar"
              icon="user"
              shape="circle"
              size="default"
            />
            <h1
              className="user-name"
            />
          </Link>
        </styled.div>
        <Link
          to="/teams"
        >
          <Button
            block={false}
            ghost={false}
            htmlType="button"
            loading={false}
            type="primary"
          >
            Invitations
          </Button>
        </Link>
         
        <TeamsDrawer />
         
        <SmallButton>
          <Icon
            type="logout"
          />
           Logout
        </SmallButton>
      </Row>
    </Col>
  </Row>
  <Row
    className="main-header-row-mobile"
    gutter={0}
  >
    <Col
      span={20}
    >
      <Row
        gutter={0}
        justify="start"
        type="flex"
      >
        <Col>
          <Link
            to="/"
          >
            <img
              alt="nu-slack"
              className="main-header-logo"
              src="./images/transparent-logo-small.png"
            />
          </Link>
        </Col>
      </Row>
    </Col>
    <Col
      span={4}
    >
      <Row
        align="middle"
        gutter={0}
        justify="end"
        type="flex"
      >
        <styled.div>
          <span
            className="mobile-profile"
          >
            <Avatar
              className="user-avatar"
              icon="user"
              onClick={[Function]}
              shape="circle"
              size="default"
            />
          </span>
        </styled.div>
      </Row>
    </Col>
  </Row>
  <withConfigConsumer(Drawer)
    closable={true}
    height="content"
    onClose={[Function]}
    placement="top"
    title={
      <div
        style={
          Object {
            "textAlign": "center",
          }
        }
      >
        <div>
          <Link
            to="/"
          >
            <img
              alt="nu-slack"
              className="main-header-logo"
              src="./images/transparent-logo.png"
              style={
                Object {
                  "width": "60%",
                }
              }
            />
          </Link>
        </div>
        <span
          style={
            Object {
              "display": "inline-block",
              "fontSize": "1.4em",
              "margin": "20px",
            }
          }
        >
          (
          Select Team
          )
        </span>
        <hr />
        <div
          style={
            Object {
              "alignContent": "center",
              "display": "flex",
              "justifyContent": "center",
              "width": "content",
            }
          }
        >
          <Link
            to="/profile"
          >
            <h1
              className="user-name"
              style={
                Object {
                  "color": "#ff8080",
                  "fontSize": "1.4em",
                  "margin": 0,
                }
              }
            />
          </Link>
        </div>
      </div>
    }
    visible={false}
  >
    <div
      style={
        Object {
          "display": "flex",
          "height": "content",
          "justifyContent": "center",
          "padding": "20px",
        }
      }
    >
      <Link
        to="/teams"
      >
        <Button
          block={false}
          ghost={false}
          htmlType="button"
          loading={false}
          type="primary"
        >
          Invitations
        </Button>
      </Link>
       
      <TeamsDrawer />
       
      <SmallButton>
        <Icon
          type="logout"
        />
         Logout
      </SmallButton>
    </div>
  </withConfigConsumer(Drawer)>
</Styled(Adapter)>
`;
